#BEGIN MATRIX dim 3 omega 0.000000 lambda 0.000000
1.000000
2.000000
3.000000
2.000000
4.000000
6.000000
3.000000
6.000000
9.000000
#END MATRIX
#BEGIN EIGENVALUES dim 3 omega 0.000000 lambda 0.000000
14.000001907348632812500000000000000000000000000000000000000000 0.000000000000000000000000000000000000000000000000000000000000
-0.000000220078533175183110870420932769775390625000000000000000 0.000000000000000000000000000000000000000000000000000000000000
0.000000000000000000000000000000000000000000000000000000000000 0.000000000000000000000000000000000000000000000000000000000000
#END EIGENVALUES
